EN hex_to_7seg NULL /home/lab661/Documents/xmorav39/Digital-electronics-1/binary_adder/hex_to_7seg.vhd sub00/vhpl04 1582724396
EN half_adder NULL /home/lab661/Documents/xmorav39/Digital-electronics-1/binary_adder/half_adder.vhd sub00/vhpl00 1582724392
EN top NULL /home/lab661/Documents/xmorav39/Digital-electronics-1/binary_adder/top.vhd sub00/vhpl06 1582724398
EN full_adder NULL /home/lab661/Documents/xmorav39/Digital-electronics-1/binary_adder/full_adder.vhd sub00/vhpl02 1582724394
AR hex_to_7seg behavioral /home/lab661/Documents/xmorav39/Digital-electronics-1/binary_adder/hex_to_7seg.vhd sub00/vhpl05 1582724397
AR full_adder behavioral /home/lab661/Documents/xmorav39/Digital-electronics-1/binary_adder/full_adder.vhd sub00/vhpl03 1582724395
AR half_adder behavioral /home/lab661/Documents/xmorav39/Digital-electronics-1/binary_adder/half_adder.vhd sub00/vhpl01 1582724393
AR top behavioral /home/lab661/Documents/xmorav39/Digital-electronics-1/binary_adder/top.vhd sub00/vhpl07 1582724399
