V3 3
FL /home/lab661/Documents/xmorav39/Digital-electronics-1/Labs/02-ise/komparator/top.vhd 2020/02/12.14:15:01 P.20131013
EN work/top 1581513316 \
      FL /home/lab661/Documents/xmorav39/Digital-electronics-1/Labs/02-ise/komparator/top.vhd \
      PB ieee/std_logic_1164 1381692176
AR work/top/Behavioral 1581513317 \
      FL /home/lab661/Documents/xmorav39/Digital-electronics-1/Labs/02-ise/komparator/top.vhd \
      EN work/top 1581513316
